#-----------------------------------------------------------
# Vivado v2021.2 (64-bit)
# SW Build 3367213 on Tue Oct 19 02:48:09 MDT 2021
# IP Build 3369179 on Thu Oct 21 08:25:16 MDT 2021
# Start of session at: Mon Jan  3 00:51:04 2022
# Process ID: 11564
# Current directory: C:/Users/wlt/Desktop/step_into_mips/step_into_mips/lab_4/lab_4
# Command line: vivado.exe -gui_launcher_event rodinguilauncherevent7612 C:\Users\wlt\Desktop\step_into_mips\step_into_mips\lab_4\lab_4\lab_4.xpr
# Log file: C:/Users/wlt/Desktop/step_into_mips/step_into_mips/lab_4/lab_4/vivado.log
# Journal file: C:/Users/wlt/Desktop/step_into_mips/step_into_mips/lab_4/lab_4\vivado.jou
# Running On: DESKTOP-R7LDCND, OS: Windows, CPU Frequency: 2496 MHz, CPU Physical cores: 4, Host memory: 21333 MB
#-----------------------------------------------------------
start_gui
open_project C:/Users/wlt/Desktop/step_into_mips/step_into_mips/lab_4/lab_4/lab_4.xpr
update_compile_order -fileset sources_1
set_property -dict [list CONFIG.Coe_File {E:/FPGAprojects/CO-lab-material-CQU/test/lab4/funcTest_independent/LogicInstTest/obj/inst_ram.coe}] [get_ips inst_mem]
